TAP version 13
# Subtest: deposit rebuilt calculator preserves published tiers and wallet route
ok 1 - deposit rebuilt calculator preserves published tiers and wallet route
  ---
  duration_ms: 1.500459
  type: 'test'
  ...
# Subtest: deposit copy promises an earned reserve, not immediately spendable points
ok 2 - deposit copy promises an earned reserve, not immediately spendable points
  ---
  duration_ms: 0.723584
  type: 'test'
  ...
# Subtest: cash refund remains exact and never deducts an already used discount
ok 3 - cash refund remains exact and never deducts an already used discount
  ---
  duration_ms: 0.411166
  type: 'test'
  ...
# Subtest: referral storefront stays active and advertises exactly fixed 200 once
ok 4 - referral storefront stays active and advertises exactly fixed 200 once
  ---
  duration_ms: 0.340791
  type: 'test'
  ...
# Subtest: invite dialog rejects generic URLs without inventing a service pause
ok 5 - invite dialog rejects generic URLs without inventing a service pause
  ---
  duration_ms: 0.29925
  type: 'test'
  ...
# Subtest: invite dialog is keyboard-modal without changing page geometry
ok 6 - invite dialog is keyboard-modal without changing page geometry
  ---
  duration_ms: 0.174875
  type: 'test'
  ...
# Subtest: the two public producers use one frozen v2 contract and no parallel JSON truth
ok 7 - the two public producers use one frozen v2 contract and no parallel JSON truth
  ---
  duration_ms: 4.90275
  type: 'test'
  ...
# Subtest: every tracked browser producer routes /orders through the canonical helper
ok 8 - every tracked browser producer routes /orders through the canonical helper
  ---
  duration_ms: 71.33425
  type: 'test'
  ...
# Subtest: one atomic v2 session record binds producer, scope, id and fingerprint
ok 9 - one atomic v2 session record binds producer, scope, id and fingerprint
  ---
  duration_ms: 1.41325
  type: 'test'
  ...
# Subtest: legacy v1 identity or fingerprint fails closed and is never rebound
ok 10 - legacy v1 identity or fingerprint fails closed and is never rebound
  ---
  duration_ms: 1.731375
  type: 'test'
  ...
# Subtest: corrupt, partial, foreign and future records all fail closed
ok 11 - corrupt, partial, foreign and future records all fail closed
  ---
  duration_ms: 1.944542
  type: 'test'
  ...
# Subtest: storage, fingerprint, header and secure-id failures are shaped before network
ok 12 - storage, fingerprint, header and secure-id failures are shaped before network
  ---
  duration_ms: 3.241459
  type: 'test'
  ...
# Subtest: success accepts only a safe positive integer or its canonical decimal string
ok 13 - success accepts only a safe positive integer or its canonical decimal string
  ---
  duration_ms: 0.8315
  type: 'test'
  ...
# Subtest: outcomes distinguish terminal rejection, conflict, ambiguity and local block
ok 14 - outcomes distinguish terminal rejection, conflict, ambiguity and local block
  ---
  duration_ms: 0.395833
  type: 'test'
  ...
# Subtest: fingerprint follows JSON wire semantics and ignores object key order
ok 15 - fingerprint follows JSON wire semantics and ignores object key order
  ---
  duration_ms: 0.984209
  type: 'test'
  ...
# Subtest: producer-supplied request identity and unserializable payload fail before fetch
ok 16 - producer-supplied request identity and unserializable payload fail before fetch
  ---
  duration_ms: 0.875083
  type: 'test'
  ...
# Subtest: concurrent identical submits are single-flight and cause one physical POST
ok 17 - concurrent identical submits are single-flight and cause one physical POST
  ---
  duration_ms: 5.896583
  type: 'test'
  ...
# Subtest: soft timeout never aborts POST and retry joins the still-live request
ok 18 - soft timeout never aborts POST and retry joins the still-live request
  ---
  duration_ms: 1.185958
  type: 'test'
  ...
# Subtest: changed concurrent intent conflicts while the original flight continues
ok 19 - changed concurrent intent conflicts while the original flight continues
  ---
  duration_ms: 2.208
  type: 'test'
  ...
# Subtest: request state clears only by compare-and-swap with the exact terminal attempt id
ok 20 - request state clears only by compare-and-swap with the exact terminal attempt id
  ---
  duration_ms: 0.733709
  type: 'test'
  ...
# Subtest: ambiguous failures retain identity across reload and changed intent rotates it
ok 21 - ambiguous failures retain identity across reload and changed intent rotates it
  ---
  duration_ms: 0.913875
  type: 'test'
  ...
# Subtest: order transport invokes the shared status hook before reading a 401 body
ok 22 - order transport invokes the shared status hook before reading a 401 body
  ---
  duration_ms: 0.428041
  type: 'test'
  ...
# Subtest: late 401 cannot clear a newer auth generation, token or impersonation context
ok 23 - late 401 cannot clear a newer auth generation, token or impersonation context
  ---
  duration_ms: 0.404917
  type: 'test'
  ...
# Subtest: producer UI clears identity only after confirmed or definitive terminal outcomes
ok 24 - producer UI clears identity only after confirmed or definitive terminal outcomes
  ---
  duration_ms: 0.428375
  type: 'test'
  ...
# Subtest: generated home runtime remains in parity with the canonical helper
ok 25 - generated home runtime remains in parity with the canonical helper
  ---
  duration_ms: 0.352917
  type: 'test'
  ...
# Subtest: shared runtime URLs are versioned and public release fingerprints match exact bytes
ok 26 - shared runtime URLs are versioned and public release fingerprints match exact bytes
  ---
  duration_ms: 31.533375
  type: 'test'
  ...
# Subtest: production smoke default run is mechanically read-only and never reaches /orders
ok 27 - production smoke default run is mechanically read-only and never reaches /orders
  ---
  duration_ms: 1.498375
  type: 'test'
  ...
# Subtest: unknown producer and invalid guide scope fail closed
ok 28 - unknown producer and invalid guide scope fail closed
  ---
  duration_ms: 0.610542
  type: 'test'
  ...
# Subtest: UTM attribution keeps canonical non-PII codes only
ok 29 - UTM attribution keeps canonical non-PII codes only
  ---
  duration_ms: 3.063542
  type: 'test'
  ...
# Subtest: analytics consent describes the implementation without a server checksum promise
ok 30 - analytics consent describes the implementation without a server checksum promise
  ---
  duration_ms: 0.413167
  type: 'test'
  ...
# Subtest: referral contract consistently rewards the inviter after the first paid order
ok 31 - referral contract consistently rewards the inviter after the first paid order
  ---
  duration_ms: 0.285334
  type: 'test'
  ...
# Subtest: order capability tokens stay out of new upload/list query strings
ok 32 - order capability tokens stay out of new upload/list query strings
  ---
  duration_ms: 0.573958
  type: 'test'
  ...
# Subtest: browser secret storage is session-scoped and old persistent secrets are removed
ok 33 - browser secret storage is session-scoped and old persistent secrets are removed
  ---
  duration_ms: 0.344667
  type: 'test'
  ...
# Subtest: normal authentication uses HttpOnly-cookie transport with CSRF protection
ok 34 - normal authentication uses HttpOnly-cookie transport with CSRF protection
  ---
  duration_ms: 1.841125
  type: 'test'
  ...
# Subtest: new cross-device order links are one-time exchanges and are scrubbed immediately
ok 35 - new cross-device order links are one-time exchanges and are scrubbed immediately
  ---
  duration_ms: 0.959625
  type: 'test'
  ...
# Subtest: gift purchase secrets use a header and are removed from the visible address
ok 36 - gift purchase secrets use a header and are removed from the visible address
  ---
  duration_ms: 0.307
  type: 'test'
  ...
# Subtest: A2 offer issuance requires recorded participation and customer decisions
ok 37 - A2 offer issuance requires recorded participation and customer decisions
  ---
  duration_ms: 1.115792
  type: 'test'
  ...
# Subtest: B1 and B2 offers require structured named rights provenance
ok 38 - B1 and B2 offers require structured named rights provenance
  ---
  duration_ms: 1.765292
  type: 'test'
  ...
# Subtest: AI specification keeps its canonical service id and source provenance
ok 39 - AI specification keeps its canonical service id and source provenance
  ---
  duration_ms: 0.775833
  type: 'test'
  ...
# Subtest: Telegram receives a one-time login code, never an order capability token
ok 40 - Telegram receives a one-time login code, never an order capability token
  ---
  duration_ms: 0.93525
  type: 'test'
  ...
# Subtest: sensitive entry pages suppress referrers
ok 41 - sensitive entry pages suppress referrers
  ---
  duration_ms: 0.542791
  type: 'test'
  ...
# Subtest: манифест и мета установки есть на КАЖДОЙ странице
ok 42 - манифест и мета установки есть на КАЖДОЙ странице
  ---
  duration_ms: 19.562042
  type: 'test'
  ...
# Subtest: манифест описывает установку полностью
ok 43 - манифест описывает установку полностью
  ---
  duration_ms: 1.073167
  type: 'test'
  ...
# Subtest: иконки установки нужного размера, а не растянутые
ok 44 - иконки установки нужного размера, а не растянутые
  ---
  duration_ms: 0.631958
  type: 'test'
  ...
# Subtest: воркер не касается денег, входа и чужих кабинетов
ok 45 - воркер не касается денег, входа и чужих кабинетов
  ---
  duration_ms: 0.378291
  type: 'test'
  ...
# Subtest: страница без сети существует и не зависит от внешних файлов
ok 46 - страница без сети существует и не зависит от внешних файлов
  ---
  duration_ms: 0.606375
  type: 'test'
  ...
# Subtest: версия воркера совпадает с ключом семьи shell
ok 47 - версия воркера совпадает с ключом семьи shell
  ---
  duration_ms: 12.767
  type: 'test'
  ...
# Subtest: воркер регистрируется и не ломает страницу при отказе
ok 48 - воркер регистрируется и не ломает страницу при отказе
  ---
  duration_ms: 0.927292
  type: 'test'
  ...
# Subtest: all 25 guide articles preserve their source content exactly and use one reader
ok 49 - all 25 guide articles preserve their source content exactly and use one reader
  ---
  duration_ms: 450.228708
  type: 'test'
  ...
# Subtest: library covers every guide once with private local search and finite saved IDs
ok 50 - library covers every guide once with private local search and finite saved IDs
  ---
  duration_ms: 0.690625
  type: 'test'
  ...
# Subtest: style findings point to exact source spans and never invent rewritten facts
ok 51 - style findings point to exact source spans and never invent rewritten facts
  ---
  duration_ms: 2.803542
  type: 'test'
  ...
# Subtest: source audit preserves all rows and exposes DOI separately
ok 52 - source audit preserves all rows and exposes DOI separately
  ---
  duration_ms: 0.483542
  type: 'test'
  ...
# Subtest: topic flags are formal hints and remarks preserve individual tasks
ok 53 - topic flags are formal hints and remarks preserve individual tasks
  ---
  duration_ms: 0.382667
  type: 'test'
  ...
# Subtest: new tools have no task storage, implicit network lookup, or unsafe HTML insertion
ok 54 - new tools have no task storage, implicit network lookup, or unsafe HTML insertion
  ---
  duration_ms: 0.890333
  type: 'test'
  ...
# Subtest: payment return routes gift to token recovery and deposit to real wallet without confirming payment
ok 55 - payment return routes gift to token recovery and deposit to real wallet without confirming payment
  ---
  duration_ms: 0.323459
  type: 'test'
  ...
# Subtest: oferta: legal text, edition, anchors and destinations survive presentation change
ok 56 - oferta: legal text, edition, anchors and destinations survive presentation change
  ---
  duration_ms: 35.483208
  type: 'test'
  ...
# Subtest: privacy: legal text, edition, anchors and destinations survive presentation change
ok 57 - privacy: legal text, edition, anchors and destinations survive presentation change
  ---
  duration_ms: 23.896041
  type: 'test'
  ...
# Subtest: terms: legal text, edition, anchors and destinations survive presentation change
ok 58 - terms: legal text, edition, anchors and destinations survive presentation change
  ---
  duration_ms: 18.012917
  type: 'test'
  ...
# Subtest: refunds: legal text, edition, anchors and destinations survive presentation change
ok 59 - refunds: legal text, edition, anchors and destinations survive presentation change
  ---
  duration_ms: 21.110791
  type: 'test'
  ...
# Subtest: requisites: legal text, edition, anchors and destinations survive presentation change
ok 60 - requisites: legal text, edition, anchors and destinations survive presentation change
  ---
  duration_ms: 20.572542
  type: 'test'
  ...
# Subtest: academic-integrity: legal text, edition, anchors and destinations survive presentation change
ok 61 - academic-integrity: legal text, edition, anchors and destinations survive presentation change
  ---
  duration_ms: 19.692167
  type: 'test'
  ...
# Subtest: loyalty: legal text, edition, anchors and destinations survive presentation change
ok 62 - loyalty: legal text, edition, anchors and destinations survive presentation change
  ---
  duration_ms: 16.65325
  type: 'test'
  ...
# Subtest: consent: legal text, edition, anchors and destinations survive presentation change
ok 63 - consent: legal text, edition, anchors and destinations survive presentation change
  ---
  duration_ms: 16.420833
  type: 'test'
  ...
# Subtest: consent-request: legal text, edition, anchors and destinations survive presentation change
ok 64 - consent-request: legal text, edition, anchors and destinations survive presentation change
  ---
  duration_ms: 16.240458
  type: 'test'
  ...
# Subtest: consent-analytics: legal text, edition, anchors and destinations survive presentation change
ok 65 - consent-analytics: legal text, edition, anchors and destinations survive presentation change
  ---
  duration_ms: 16.584375
  type: 'test'
  ...
# Subtest: consent-marketing: legal text, edition, anchors and destinations survive presentation change
ok 66 - consent-marketing: legal text, edition, anchors and destinations survive presentation change
  ---
  duration_ms: 16.5425
  type: 'test'
  ...
# Subtest: consent-publication: legal text, edition, anchors and destinations survive presentation change
ok 67 - consent-publication: legal text, edition, anchors and destinations survive presentation change
  ---
  duration_ms: 16.02425
  type: 'test'
  ...
# Subtest: gallery retains only exactly the previously published source images and captions
ok 68 - gallery retains only exactly the previously published source images and captions
  ---
  duration_ms: 33.576458
  type: 'test'
  ...
# Subtest: benefit ledger preserves money and caps at all published tiers
ok 69 - benefit ledger preserves money and caps at all published tiers
  ---
  duration_ms: 3.03825
  type: 'test'
  ...
# Subtest: deposit always separates unspent cash and earned reserve net of cashback
ok 70 - deposit always separates unspent cash and earned reserve net of cashback
  ---
  duration_ms: 0.572375
  type: 'test'
  ...
# Subtest: new rewards controls have a single owner and valid cabinet routes
ok 71 - new rewards controls have a single owner and valid cabinet routes
  ---
  duration_ms: 0.934667
  type: 'test'
  ...
# Subtest: gift retains every functional form field and secret recovery view
ok 72 - gift retains every functional form field and secret recovery view
  ---
  duration_ms: 1.484792
  type: 'test'
  ...
1..72
# tests 72
# suites 0
# pass 72
# fail 0
# cancelled 0
# skipped 0
# todo 0
# duration_ms 515.071666
